// Jest Snapshot v1, https://goo.gl/fbAQLP

exports[`main entrypoint renders correctly 1`] = `<NavigationContainer />`;
