// Jest Snapshot v1, https://goo.gl/fbAQLP

exports[`main entrypoint renders correctly 1`] = `
<Provider
  store={
    Object {
      "dispatch": [Function],
      "getState": [Function],
      "replaceReducer": [Function],
      "subscribe": [Function],
      Symbol(observable): [Function],
    }
  }
>
  <NavigationContainer />
</Provider>
`;
